<?xml version="1.0" encoding="UTF-8"?>
<testsuites>
  <testsuite name="" tests="68" assertions="118" errors="0" warnings="0" failures="0" skipped="0" time="21.661637">
    <testsuite name="Project Test Suite" tests="68" assertions="118" errors="0" warnings="0" failures="0" skipped="0" time="21.661637">
      <testsuite name="App\Tests\CarPublicTest" file="C:\Users\eman\Documents\GitHub\car_dealer\tests\CarPublicTest.php" tests="2" assertions="6" errors="0" warnings="0" failures="0" skipped="0" time="17.718276">
        <testcase name="testTittle" class="App\Tests\CarPublicTest" classname="App.Tests.CarPublicTest" file="C:\Users\eman\Documents\GitHub\car_dealer\tests\CarPublicTest.php" line="9" assertions="3" time="17.686788"/>
        <testcase name="testHeading" class="App\Tests\CarPublicTest" classname="App.Tests.CarPublicTest" file="C:\Users\eman\Documents\GitHub\car_dealer\tests\CarPublicTest.php" line="21" assertions="3" time="0.031488"/>
      </testsuite>
      <testsuite name="Unit\CarTest" file="C:\Users\eman\Documents\GitHub\car_dealer\tests\Unit\CarTest.php" tests="12" assertions="12" errors="0" warnings="0" failures="0" skipped="0" time="0.012962">
        <testsuite name="Unit\CarTest::testCarMake" tests="3" assertions="3" errors="0" warnings="0" failures="0" skipped="0" time="0.012764">
          <testcase name="testCarMake with data set #0" class="Unit\CarTest" classname="Unit.CarTest" file="C:\Users\eman\Documents\GitHub\car_dealer\tests\Unit\CarTest.php" line="13" assertions="1" time="0.012717"/>
          <testcase name="testCarMake with data set #1" class="Unit\CarTest" classname="Unit.CarTest" file="C:\Users\eman\Documents\GitHub\car_dealer\tests\Unit\CarTest.php" line="13" assertions="1" time="0.000026"/>
          <testcase name="testCarMake with data set #2" class="Unit\CarTest" classname="Unit.CarTest" file="C:\Users\eman\Documents\GitHub\car_dealer\tests\Unit\CarTest.php" line="13" assertions="1" time="0.000021"/>
        </testsuite>
        <testsuite name="Unit\CarTest::testCarModel" tests="3" assertions="3" errors="0" warnings="0" failures="0" skipped="0" time="0.000070">
          <testcase name="testCarModel with data set #0" class="Unit\CarTest" classname="Unit.CarTest" file="C:\Users\eman\Documents\GitHub\car_dealer\tests\Unit\CarTest.php" line="24" assertions="1" time="0.000037"/>
          <testcase name="testCarModel with data set #1" class="Unit\CarTest" classname="Unit.CarTest" file="C:\Users\eman\Documents\GitHub\car_dealer\tests\Unit\CarTest.php" line="24" assertions="1" time="0.000017"/>
          <testcase name="testCarModel with data set #2" class="Unit\CarTest" classname="Unit.CarTest" file="C:\Users\eman\Documents\GitHub\car_dealer\tests\Unit\CarTest.php" line="24" assertions="1" time="0.000016"/>
        </testsuite>
        <testsuite name="Unit\CarTest::testImage" tests="3" assertions="3" errors="0" warnings="0" failures="0" skipped="0" time="0.000064">
          <testcase name="testImage with data set #0" class="Unit\CarTest" classname="Unit.CarTest" file="C:\Users\eman\Documents\GitHub\car_dealer\tests\Unit\CarTest.php" line="35" assertions="1" time="0.000031"/>
          <testcase name="testImage with data set #1" class="Unit\CarTest" classname="Unit.CarTest" file="C:\Users\eman\Documents\GitHub\car_dealer\tests\Unit\CarTest.php" line="35" assertions="1" time="0.000016"/>
          <testcase name="testImage with data set #2" class="Unit\CarTest" classname="Unit.CarTest" file="C:\Users\eman\Documents\GitHub\car_dealer\tests\Unit\CarTest.php" line="35" assertions="1" time="0.000016"/>
        </testsuite>
        <testsuite name="Unit\CarTest::testPrice" tests="3" assertions="3" errors="0" warnings="0" failures="0" skipped="0" time="0.000064">
          <testcase name="testPrice with data set #0" class="Unit\CarTest" classname="Unit.CarTest" file="C:\Users\eman\Documents\GitHub\car_dealer\tests\Unit\CarTest.php" line="46" assertions="1" time="0.000033"/>
          <testcase name="testPrice with data set #1" class="Unit\CarTest" classname="Unit.CarTest" file="C:\Users\eman\Documents\GitHub\car_dealer\tests\Unit\CarTest.php" line="46" assertions="1" time="0.000016"/>
          <testcase name="testPrice with data set #2" class="Unit\CarTest" classname="Unit.CarTest" file="C:\Users\eman\Documents\GitHub\car_dealer\tests\Unit\CarTest.php" line="46" assertions="1" time="0.000015"/>
        </testsuite>
      </testsuite>
      <testsuite name="Unit\TransctionTest" file="C:\Users\eman\Documents\GitHub\car_dealer\tests\Unit\TransctionTest.php" tests="18" assertions="18" errors="0" warnings="0" failures="0" skipped="0" time="0.000504">
        <testsuite name="Unit\TransctionTest::testCar" tests="3" assertions="3" errors="0" warnings="0" failures="0" skipped="0" time="0.000089">
          <testcase name="testCar with data set #0" class="Unit\TransctionTest" classname="Unit.TransctionTest" file="C:\Users\eman\Documents\GitHub\car_dealer\tests\Unit\TransctionTest.php" line="15" assertions="1" time="0.000037"/>
          <testcase name="testCar with data set #1" class="Unit\TransctionTest" classname="Unit.TransctionTest" file="C:\Users\eman\Documents\GitHub\car_dealer\tests\Unit\TransctionTest.php" line="15" assertions="1" time="0.000019"/>
          <testcase name="testCar with data set #2" class="Unit\TransctionTest" classname="Unit.TransctionTest" file="C:\Users\eman\Documents\GitHub\car_dealer\tests\Unit\TransctionTest.php" line="15" assertions="1" time="0.000033"/>
        </testsuite>
        <testsuite name="Unit\TransctionTest::testCardName" tests="3" assertions="3" errors="0" warnings="0" failures="0" skipped="0" time="0.000092">
          <testcase name="testCardName with data set #0" class="Unit\TransctionTest" classname="Unit.TransctionTest" file="C:\Users\eman\Documents\GitHub\car_dealer\tests\Unit\TransctionTest.php" line="26" assertions="1" time="0.000044"/>
          <testcase name="testCardName with data set #1" class="Unit\TransctionTest" classname="Unit.TransctionTest" file="C:\Users\eman\Documents\GitHub\car_dealer\tests\Unit\TransctionTest.php" line="26" assertions="1" time="0.000016"/>
          <testcase name="testCardName with data set #2" class="Unit\TransctionTest" classname="Unit.TransctionTest" file="C:\Users\eman\Documents\GitHub\car_dealer\tests\Unit\TransctionTest.php" line="26" assertions="1" time="0.000032"/>
        </testsuite>
        <testsuite name="Unit\TransctionTest::testCardNumber" tests="3" assertions="3" errors="0" warnings="0" failures="0" skipped="0" time="0.000082">
          <testcase name="testCardNumber with data set #0" class="Unit\TransctionTest" classname="Unit.TransctionTest" file="C:\Users\eman\Documents\GitHub\car_dealer\tests\Unit\TransctionTest.php" line="36" assertions="1" time="0.000034"/>
          <testcase name="testCardNumber with data set #1" class="Unit\TransctionTest" classname="Unit.TransctionTest" file="C:\Users\eman\Documents\GitHub\car_dealer\tests\Unit\TransctionTest.php" line="36" assertions="1" time="0.000032"/>
          <testcase name="testCardNumber with data set #2" class="Unit\TransctionTest" classname="Unit.TransctionTest" file="C:\Users\eman\Documents\GitHub\car_dealer\tests\Unit\TransctionTest.php" line="36" assertions="1" time="0.000016"/>
        </testsuite>
        <testsuite name="Unit\TransctionTest::testCardCvv" tests="3" assertions="3" errors="0" warnings="0" failures="0" skipped="0" time="0.000076">
          <testcase name="testCardCvv with data set #0" class="Unit\TransctionTest" classname="Unit.TransctionTest" file="C:\Users\eman\Documents\GitHub\car_dealer\tests\Unit\TransctionTest.php" line="47" assertions="1" time="0.000027"/>
          <testcase name="testCardCvv with data set #1" class="Unit\TransctionTest" classname="Unit.TransctionTest" file="C:\Users\eman\Documents\GitHub\car_dealer\tests\Unit\TransctionTest.php" line="47" assertions="1" time="0.000033"/>
          <testcase name="testCardCvv with data set #2" class="Unit\TransctionTest" classname="Unit.TransctionTest" file="C:\Users\eman\Documents\GitHub\car_dealer\tests\Unit\TransctionTest.php" line="47" assertions="1" time="0.000015"/>
        </testsuite>
        <testsuite name="Unit\TransctionTest::testBuyer" tests="3" assertions="3" errors="0" warnings="0" failures="0" skipped="0" time="0.000091">
          <testcase name="testBuyer with data set #0" class="Unit\TransctionTest" classname="Unit.TransctionTest" file="C:\Users\eman\Documents\GitHub\car_dealer\tests\Unit\TransctionTest.php" line="58" assertions="1" time="0.000043"/>
          <testcase name="testBuyer with data set #1" class="Unit\TransctionTest" classname="Unit.TransctionTest" file="C:\Users\eman\Documents\GitHub\car_dealer\tests\Unit\TransctionTest.php" line="58" assertions="1" time="0.000032"/>
          <testcase name="testBuyer with data set #2" class="Unit\TransctionTest" classname="Unit.TransctionTest" file="C:\Users\eman\Documents\GitHub\car_dealer\tests\Unit\TransctionTest.php" line="58" assertions="1" time="0.000016"/>
        </testsuite>
        <testsuite name="Unit\TransctionTest::testDate" tests="3" assertions="3" errors="0" warnings="0" failures="0" skipped="0" time="0.000074">
          <testcase name="testDate with data set #0" class="Unit\TransctionTest" classname="Unit.TransctionTest" file="C:\Users\eman\Documents\GitHub\car_dealer\tests\Unit\TransctionTest.php" line="69" assertions="1" time="0.000044"/>
          <testcase name="testDate with data set #1" class="Unit\TransctionTest" classname="Unit.TransctionTest" file="C:\Users\eman\Documents\GitHub\car_dealer\tests\Unit\TransctionTest.php" line="69" assertions="1" time="0.000015"/>
          <testcase name="testDate with data set #2" class="Unit\TransctionTest" classname="Unit.TransctionTest" file="C:\Users\eman\Documents\GitHub\car_dealer\tests\Unit\TransctionTest.php" line="69" assertions="1" time="0.000015"/>
        </testsuite>
      </testsuite>
      <testsuite name="Unit\UserTest" file="C:\Users\eman\Documents\GitHub\car_dealer\tests\Unit\UserTest.php" tests="13" assertions="13" errors="0" warnings="0" failures="0" skipped="0" time="0.000391">
        <testsuite name="Unit\UserTest::testUserName" tests="3" assertions="3" errors="0" warnings="0" failures="0" skipped="0" time="0.000084">
          <testcase name="testUserName with data set #0" class="Unit\UserTest" classname="Unit.UserTest" file="C:\Users\eman\Documents\GitHub\car_dealer\tests\Unit\UserTest.php" line="13" assertions="1" time="0.000035"/>
          <testcase name="testUserName with data set #1" class="Unit\UserTest" classname="Unit.UserTest" file="C:\Users\eman\Documents\GitHub\car_dealer\tests\Unit\UserTest.php" line="13" assertions="1" time="0.000025"/>
          <testcase name="testUserName with data set #2" class="Unit\UserTest" classname="Unit.UserTest" file="C:\Users\eman\Documents\GitHub\car_dealer\tests\Unit\UserTest.php" line="13" assertions="1" time="0.000024"/>
        </testsuite>
        <testsuite name="Unit\UserTest::testPassword" tests="3" assertions="3" errors="0" warnings="0" failures="0" skipped="0" time="0.000085">
          <testcase name="testPassword with data set #0" class="Unit\UserTest" classname="Unit.UserTest" file="C:\Users\eman\Documents\GitHub\car_dealer\tests\Unit\UserTest.php" line="24" assertions="1" time="0.000039"/>
          <testcase name="testPassword with data set #1" class="Unit\UserTest" classname="Unit.UserTest" file="C:\Users\eman\Documents\GitHub\car_dealer\tests\Unit\UserTest.php" line="24" assertions="1" time="0.000023"/>
          <testcase name="testPassword with data set #2" class="Unit\UserTest" classname="Unit.UserTest" file="C:\Users\eman\Documents\GitHub\car_dealer\tests\Unit\UserTest.php" line="24" assertions="1" time="0.000023"/>
        </testsuite>
        <testsuite name="Unit\UserTest::testRole" tests="3" assertions="3" errors="0" warnings="0" failures="0" skipped="0" time="0.000088">
          <testcase name="testRole with data set #0" class="Unit\UserTest" classname="Unit.UserTest" file="C:\Users\eman\Documents\GitHub\car_dealer\tests\Unit\UserTest.php" line="35" assertions="1" time="0.000039"/>
          <testcase name="testRole with data set #1" class="Unit\UserTest" classname="Unit.UserTest" file="C:\Users\eman\Documents\GitHub\car_dealer\tests\Unit\UserTest.php" line="35" assertions="1" time="0.000023"/>
          <testcase name="testRole with data set #2" class="Unit\UserTest" classname="Unit.UserTest" file="C:\Users\eman\Documents\GitHub\car_dealer\tests\Unit\UserTest.php" line="35" assertions="1" time="0.000026"/>
        </testsuite>
        <testsuite name="Unit\UserTest::testAddTransaction" tests="3" assertions="3" errors="0" warnings="0" failures="0" skipped="0" time="0.000094">
          <testcase name="testAddTransaction with data set #0" class="Unit\UserTest" classname="Unit.UserTest" file="C:\Users\eman\Documents\GitHub\car_dealer\tests\Unit\UserTest.php" line="46" assertions="1" time="0.000044"/>
          <testcase name="testAddTransaction with data set #1" class="Unit\UserTest" classname="Unit.UserTest" file="C:\Users\eman\Documents\GitHub\car_dealer\tests\Unit\UserTest.php" line="46" assertions="1" time="0.000025"/>
          <testcase name="testAddTransaction with data set #2" class="Unit\UserTest" classname="Unit.UserTest" file="C:\Users\eman\Documents\GitHub\car_dealer\tests\Unit\UserTest.php" line="46" assertions="1" time="0.000025"/>
        </testsuite>
        <testcase name="testRemoveTransaction" class="Unit\UserTest" classname="Unit.UserTest" file="C:\Users\eman\Documents\GitHub\car_dealer\tests\Unit\UserTest.php" line="54" assertions="1" time="0.000041"/>
      </testsuite>
      <testsuite name="AboutPageTest" file="C:\Users\eman\Documents\GitHub\car_dealer\tests\WebAndDataBaseTest\AboutPageTest.php" tests="3" assertions="9" errors="0" warnings="0" failures="0" skipped="0" time="0.058944">
        <testcase name="testTittle" class="AboutPageTest" classname="AboutPageTest" file="C:\Users\eman\Documents\GitHub\car_dealer\tests\WebAndDataBaseTest\AboutPageTest.php" line="8" assertions="3" time="0.037049"/>
        <testcase name="testHeading" class="AboutPageTest" classname="AboutPageTest" file="C:\Users\eman\Documents\GitHub\car_dealer\tests\WebAndDataBaseTest\AboutPageTest.php" line="20" assertions="3" time="0.013111"/>
        <testcase name="testParagraphe" class="AboutPageTest" classname="AboutPageTest" file="C:\Users\eman\Documents\GitHub\car_dealer\tests\WebAndDataBaseTest\AboutPageTest.php" line="32" assertions="3" time="0.008783"/>
      </testsuite>
      <testsuite name="CarsPageTest" file="C:\Users\eman\Documents\GitHub\car_dealer\tests\WebAndDataBaseTest\CarsPageTest.php" tests="3" assertions="9" errors="0" warnings="0" failures="0" skipped="0" time="0.042102">
        <testcase name="testTittle" class="CarsPageTest" classname="CarsPageTest" file="C:\Users\eman\Documents\GitHub\car_dealer\tests\WebAndDataBaseTest\CarsPageTest.php" line="8" assertions="3" time="0.008967"/>
        <testcase name="testHeading" class="CarsPageTest" classname="CarsPageTest" file="C:\Users\eman\Documents\GitHub\car_dealer\tests\WebAndDataBaseTest\CarsPageTest.php" line="21" assertions="3" time="0.015820"/>
        <testcase name="testHeading2" class="CarsPageTest" classname="CarsPageTest" file="C:\Users\eman\Documents\GitHub\car_dealer\tests\WebAndDataBaseTest\CarsPageTest.php" line="34" assertions="3" time="0.017315"/>
      </testsuite>
      <testsuite name="ContactPageTest" file="C:\Users\eman\Documents\GitHub\car_dealer\tests\WebAndDataBaseTest\ContactPageTest.php" tests="1" assertions="3" errors="0" warnings="0" failures="0" skipped="0" time="0.038192">
        <testcase name="testSomething" class="ContactPageTest" classname="ContactPageTest" file="C:\Users\eman\Documents\GitHub\car_dealer\tests\WebAndDataBaseTest\ContactPageTest.php" line="8" assertions="3" time="0.038192"/>
      </testsuite>
      <testsuite name="HomePageTest" file="C:\Users\eman\Documents\GitHub\car_dealer\tests\WebAndDataBaseTest\HomePageTest.php" tests="2" assertions="6" errors="0" warnings="0" failures="0" skipped="0" time="0.072745">
        <testcase name="testHeading" class="HomePageTest" classname="HomePageTest" file="C:\Users\eman\Documents\GitHub\car_dealer\tests\WebAndDataBaseTest\HomePageTest.php" line="8" assertions="3" time="0.044246"/>
        <testcase name="testParagraphe" class="HomePageTest" classname="HomePageTest" file="C:\Users\eman\Documents\GitHub\car_dealer\tests\WebAndDataBaseTest\HomePageTest.php" line="20" assertions="3" time="0.028500"/>
      </testsuite>
      <testsuite name="LoginPageTest" file="C:\Users\eman\Documents\GitHub\car_dealer\tests\WebAndDataBaseTest\LoginPageTest.php" tests="2" assertions="6" errors="0" warnings="0" failures="0" skipped="0" time="0.097395">
        <testcase name="testTittle" class="LoginPageTest" classname="LoginPageTest" file="C:\Users\eman\Documents\GitHub\car_dealer\tests\WebAndDataBaseTest\LoginPageTest.php" line="8" assertions="3" time="0.051633"/>
        <testcase name="testHeading" class="LoginPageTest" classname="LoginPageTest" file="C:\Users\eman\Documents\GitHub\car_dealer\tests\WebAndDataBaseTest\LoginPageTest.php" line="20" assertions="3" time="0.045761"/>
      </testsuite>
      <testsuite name="App\Tests\WebTest\ManagerPageTest" file="C:\Users\eman\Documents\GitHub\car_dealer\tests\WebAndDataBaseTest\ManagerPageTest.php" tests="3" assertions="9" errors="0" warnings="0" failures="0" skipped="0" time="0.700814">
        <testcase name="testTittle" class="App\Tests\WebTest\ManagerPageTest" classname="App.Tests.WebTest.ManagerPageTest" file="C:\Users\eman\Documents\GitHub\car_dealer\tests\WebAndDataBaseTest\ManagerPageTest.php" line="11" assertions="4" time="0.371816"/>
        <testcase name="testHeading" class="App\Tests\WebTest\ManagerPageTest" classname="App.Tests.WebTest.ManagerPageTest" file="C:\Users\eman\Documents\GitHub\car_dealer\tests\WebAndDataBaseTest\ManagerPageTest.php" line="31" assertions="4" time="0.058019"/>
        <testcase name="testOtherUserAccessDenied" class="App\Tests\WebTest\ManagerPageTest" classname="App.Tests.WebTest.ManagerPageTest" file="C:\Users\eman\Documents\GitHub\car_dealer\tests\WebAndDataBaseTest\ManagerPageTest.php" line="51" assertions="1" time="0.270980"/>
      </testsuite>
      <testsuite name="ProfilePageTest" file="C:\Users\eman\Documents\GitHub\car_dealer\tests\WebAndDataBaseTest\ProfilePageTest.php" tests="1" assertions="4" errors="0" warnings="0" failures="0" skipped="0" time="0.088080">
        <testcase name="testTittle" class="ProfilePageTest" classname="ProfilePageTest" file="C:\Users\eman\Documents\GitHub\car_dealer\tests\WebAndDataBaseTest\ProfilePageTest.php" line="10" assertions="4" time="0.088080"/>
      </testsuite>
      <testsuite name="SignUpPageTest" file="C:\Users\eman\Documents\GitHub\car_dealer\tests\WebAndDataBaseTest\SignUpPageTest.php" tests="2" assertions="6" errors="0" warnings="0" failures="0" skipped="0" time="2.242825">
        <testcase name="testTittle" class="SignUpPageTest" classname="SignUpPageTest" file="C:\Users\eman\Documents\GitHub\car_dealer\tests\WebAndDataBaseTest\SignUpPageTest.php" line="8" assertions="3" time="2.187918"/>
        <testcase name="testheading" class="SignUpPageTest" classname="SignUpPageTest" file="C:\Users\eman\Documents\GitHub\car_dealer\tests\WebAndDataBaseTest\SignUpPageTest.php" line="20" assertions="3" time="0.054907"/>
      </testsuite>
      <testsuite name="App\Tests\WebTest\UserRoleAccessibilityTest" file="C:\Users\eman\Documents\GitHub\car_dealer\tests\WebAndDataBaseTest\UserRoleAccessibilityTest.php" tests="6" assertions="17" errors="0" warnings="0" failures="0" skipped="0" time="0.588406">
        <testcase name="testTransactionPageAccess" class="App\Tests\WebTest\UserRoleAccessibilityTest" classname="App.Tests.WebTest.UserRoleAccessibilityTest" file="C:\Users\eman\Documents\GitHub\car_dealer\tests\WebAndDataBaseTest\UserRoleAccessibilityTest.php" line="11" assertions="4" time="0.100041"/>
        <testcase name="testUserPageAccess" class="App\Tests\WebTest\UserRoleAccessibilityTest" classname="App.Tests.WebTest.UserRoleAccessibilityTest" file="C:\Users\eman\Documents\GitHub\car_dealer\tests\WebAndDataBaseTest\UserRoleAccessibilityTest.php" line="30" assertions="4" time="0.106244"/>
        <testcase name="testCarPageAccess" class="App\Tests\WebTest\UserRoleAccessibilityTest" classname="App.Tests.WebTest.UserRoleAccessibilityTest" file="C:\Users\eman\Documents\GitHub\car_dealer\tests\WebAndDataBaseTest\UserRoleAccessibilityTest.php" line="49" assertions="4" time="0.067276"/>
        <testcase name="testTransactionPageAccessDenied" class="App\Tests\WebTest\UserRoleAccessibilityTest" classname="App.Tests.WebTest.UserRoleAccessibilityTest" file="C:\Users\eman\Documents\GitHub\car_dealer\tests\WebAndDataBaseTest\UserRoleAccessibilityTest.php" line="69" assertions="1" time="0.162614"/>
        <testcase name="testUserPageAccessDenied" class="App\Tests\WebTest\UserRoleAccessibilityTest" classname="App.Tests.WebTest.UserRoleAccessibilityTest" file="C:\Users\eman\Documents\GitHub\car_dealer\tests\WebAndDataBaseTest\UserRoleAccessibilityTest.php" line="86" assertions="2" time="0.070432"/>
        <testcase name="testCarPageAccessDenied" class="App\Tests\WebTest\UserRoleAccessibilityTest" classname="App.Tests.WebTest.UserRoleAccessibilityTest" file="C:\Users\eman\Documents\GitHub\car_dealer\tests\WebAndDataBaseTest\UserRoleAccessibilityTest.php" line="105" assertions="2" time="0.081800"/>
      </testsuite>
    </testsuite>
  </testsuite>
</testsuites>
